// Jest Snapshot v1, https://goo.gl/fbAQLP

exports[`Test AccessHistoryTable component 1`] = `ShallowWrapper {}`;
