// Jest Snapshot v1, https://goo.gl/fbAQLP

exports[`Test AccessHistoryRow component 1`] = `ShallowWrapper {}`;
