// Jest Snapshot v1, https://goo.gl/fbAQLP

exports[`Test AdminNavbar component 1`] = `ShallowWrapper {}`;
