// Jest Snapshot v1, https://goo.gl/fbAQLP

exports[`Test AuthFooter component 1`] = `ShallowWrapper {}`;
