// Jest Snapshot v1, https://goo.gl/fbAQLP

exports[`Test Avatar component 1`] = `ShallowWrapper {}`;
