// Jest Snapshot v1, https://goo.gl/fbAQLP

exports[`Test FileTable component 1`] = `ShallowWrapper {}`;
