// Jest Snapshot v1, https://goo.gl/fbAQLP

exports[`Test ImageViewer component 1`] = `ShallowWrapper {}`;
