// Jest Snapshot v1, https://goo.gl/fbAQLP

exports[`Test LoginForm component 1`] = `ShallowWrapper {}`;
