// Jest Snapshot v1, https://goo.gl/fbAQLP

exports[`Test OrgRow component 1`] = `ShallowWrapper {}`;
