// Jest Snapshot v1, https://goo.gl/fbAQLP

exports[`Test OrgTable component 1`] = `ShallowWrapper {}`;
