// Jest Snapshot v1, https://goo.gl/fbAQLP

exports[`Test Sidebar component 1`] = `ShallowWrapper {}`;
