// Jest Snapshot v1, https://goo.gl/fbAQLP

exports[`Test ShareModal component 1`] = `ShallowWrapper {}`;
