// Jest Snapshot v1, https://goo.gl/fbAQLP

exports[`Test UploadModal component 1`] = `ShallowWrapper {}`;
