// Jest Snapshot v1, https://goo.gl/fbAQLP

exports[`Test User Header component 1`] = `ShallowWrapper {}`;
